// Jest Snapshot v1, https://goo.gl/fbAQLP

exports[`Should render Header correctly 1`] = `
<header
  className="header"
>
  <div
    className="content-container"
  >
    <div
      className="header__container"
    >
      <nav>
        <Link
          className="header__link"
          to="/dashboard"
        >
          <h1
            className="header__title"
          >
            Boilerplate React App
          </h1>
        </Link>
      </nav>
      <button
        className="button button--link"
        onClick={[Function]}
      >
        Logout
      </button>
    </div>
  </div>
</header>
`;
